ldap, simple_bind, anonymous=disallowed
ldap, simple_bind, anonymous, TLS requested=disallowed
ldap, simple_bind, anonymous, TLS forced=disallowed
ldap, simple_bind, unauthenticated=disallowed
ldap, simple_bind, unauthenticated, TLS requested=disallowed
ldap, simple_bind, unauthenticated, TLS forced=disallowed
ldap, simple_bind, authenticated=confidentiality required
ldap, simple_bind, authenticated, TLS requested=Invalid credentials
ldap, simple_bind, authenticated, TLS forced=Invalid credentials
ldap, SASL=no mechanism available
ldap, SASL, TLS requested=No such object
ldap, SASL, TLS forced=No such object
ldapi, simple_bind, anonymous=disallowed
ldapi, simple_bind, anonymous, TLS requested=disallowed
ldapi, simple_bind, anonymous, TLS forced=disallowed
ldapi, simple_bind, unauthenticated=disallowed
ldapi, simple_bind, unauthenticated, TLS requested=disallowed
ldapi, simple_bind, unauthenticated, TLS forced=disallowed
# Too Restrictive: ldapi, simple_bind, authenticated=confidentiality required
ldapi, simple_bind, authenticated=Invalid credentials
ldapi, simple_bind, authenticated, TLS requested=Invalid credentials
ldapi, simple_bind, authenticated, TLS forced=Invalid credentials
# Too Restrictive: ldapi, SASL=confidentiality required
ldapi, SASL, TLS requested=No such object
ldapi, SASL, TLS forced=No such object
ldaps, simple_bind, anonymous=disallowed
ldaps, simple_bind, anonymous, TLS requested=already started
ldaps, simple_bind, anonymous, TLS forced=already started
ldaps, simple_bind, unauthenticated=disallowed
ldaps, simple_bind, unauthenticated, TLS requested=already started
ldaps, simple_bind, unauthenticated, TLS forced=already started
ldaps, simple_bind, authenticated=Invalid credentials
ldaps, simple_bind, authenticated, TLS requested=Invalid credentials
ldaps, simple_bind, authenticated, TLS forced=already started
ldaps, SASL=No such object
ldaps, SASL, TLS requested=already started
ldaps, SASL, TLS forced=already started
